C51 COMPILER V9.60.0.0   MAIN                                                              07/06/2024 21:34:32 PAGE 1   


C51 COMPILER V9.60.0.0, COMPILATION OF MODULE MAIN
OBJECT MODULE PLACED IN .\Objects\main.obj
COMPILER INVOKED BY: D:\Program Files\Keil_v5\C51\BIN\C51.EXE main.c OPTIMIZE(8,SPEED) BROWSE DEBUG OBJECTEXTEND PRINT(.
                    -\Listings\main.lst) TABS(2) OBJECT(.\Objects\main.obj)

line level    source

   1          #include <REGX52.H>
   2          #include  "DS1302.h"
   3          #include "LCD1602.h"
   4          #include <intrins.h>
   5          #include "Key.h"
   6          #include "BlueTooth.h"
   7          #include "Timer0.h"
   8          #include "DHT11.h"
   9          
  10          #define USART_MAX_RECV_LEN  1
  11          
  12          unsigned char USART_RX_BUF[USART_MAX_RECV_LEN];
  13          
  14          unsigned char KeyNum,MODE,TimeSetSelect,TimeSetFlashFlag;
  15          
  16          extern unsigned char  hum;//湿度
  17          extern unsigned char  tem;//温度
  18          
  19          sbit Motor=P3^2;
  20          int Compare = 0;
  21          
  22           /**
  23           *@breaf 延时函数/@12.0000MHz  1ms为单位
  24           *@para   t 延时时间设置
  25           *@retval无
  26           */
  27          void Delay1ms(unsigned char t)    //@12.0000MHz
  28          {
  29   1        unsigned char i, j;
  30   1        while(t--)
  31   1          {
  32   2          _nop_();
  33   2          i = 2;
  34   2          j = 239;
  35   2          do
  36   2          {
  37   3            while (--j);
  38   3          } while (--i);
  39   2        }
  40   1      }
  41          
  42          
  43          void TimeShow(void)//时间显示功能
  44          {
  45   1        DS1302_ReadTime();//读取时间
  46   1        DS1302_ReadTime();//读取时间
  47   1        LCD_ShowNum(1,1,DS1302_Time[0],2);//显示年
  48   1        LCD_ShowNum(1,4,DS1302_Time[1],2);//显示月
  49   1        LCD_ShowNum(1,7,DS1302_Time[2],2);//显示日
  50   1        LCD_ShowNum(1,9,DS1302_Time[3],2);//显示时
  51   1        LCD_ShowNum(1,12,DS1302_Time[4],2);//显示分
  52   1        LCD_ShowNum(1,15,DS1302_Time[5],2);//显示秒  
  53   1      }
  54          
C51 COMPILER V9.60.0.0   MAIN                                                              07/06/2024 21:34:32 PAGE 2   

  55          
  56          //时间设置功能
  57          void TimeSet(void)
  58          {
  59   1          if(KeyNum==2)//按键2按下
  60   1        {
  61   2          TimeSetSelect++;//设置选择位加1
  62   2          TimeSetSelect%=6;//越界清零
  63   2        }
  64   1        if(KeyNum==3)//按键3按下
  65   1        {
  66   2          DS1302_Time[TimeSetSelect]++;//时间设置位数值加1
  67   2          if(DS1302_Time[0]>99){DS1302_Time[0]=0;}//年越界判断
  68   2          if(DS1302_Time[1]>12){DS1302_Time[1]=1;}//月越界判断
  69   2          if( DS1302_Time[1]==1 || DS1302_Time[1]==3 || DS1302_Time[1]==5 || DS1302_Time[1]==7 || 
  70   2            DS1302_Time[1]==8 || DS1302_Time[1]==10 || DS1302_Time[1]==12)//日越界判断
  71   2          {
  72   3            if(DS1302_Time[2]>31){DS1302_Time[2]=1;}//大月
  73   3          }
  74   2          else if(DS1302_Time[1]==4 || DS1302_Time[1]==6 || DS1302_Time[1]==9 || DS1302_Time[1]==11)
  75   2          {
  76   3            if(DS1302_Time[2]>30){DS1302_Time[2]=1;}//小月
  77   3          }
  78   2          else if(DS1302_Time[1]==2)
  79   2          {
  80   3            if(DS1302_Time[0]%4==0)
  81   3            {
  82   4              if(DS1302_Time[2]>29){DS1302_Time[2]=1;}//闰年2月
  83   4            }
  84   3            else
  85   3            {
  86   4              if(DS1302_Time[2]>28){DS1302_Time[2]=1;}//平年2月
  87   4            }
  88   3          }
  89   2          if(DS1302_Time[3]>23){DS1302_Time[3]=0;}//时越界判断
  90   2          if(DS1302_Time[4]>59){DS1302_Time[4]=0;}//分越界判断
  91   2          if(DS1302_Time[5]>59){DS1302_Time[5]=0;}//秒越界判断
  92   2        }
  93   1        if(KeyNum==4)//按键3按下
  94   1        {
  95   2          DS1302_Time[TimeSetSelect]--;//时间设置位数值减1
  96   2          if(DS1302_Time[0]<0){DS1302_Time[0]=99;}//年越界判断
  97   2          if(DS1302_Time[1]<1){DS1302_Time[1]=12;}//月越界判断
  98   2          if( DS1302_Time[1]==1 || DS1302_Time[1]==3 || DS1302_Time[1]==5 || DS1302_Time[1]==7 || 
  99   2            DS1302_Time[1]==8 || DS1302_Time[1]==10 || DS1302_Time[1]==12)//日越界判断
 100   2          {
 101   3            if(DS1302_Time[2]<1){DS1302_Time[2]=31;}//大月
 102   3            if(DS1302_Time[2]>31){DS1302_Time[2]=1;}
 103   3          }
 104   2          else if(DS1302_Time[1]==4 || DS1302_Time[1]==6 || DS1302_Time[1]==9 || DS1302_Time[1]==11)
 105   2          {
 106   3            if(DS1302_Time[2]<1){DS1302_Time[2]=30;}//小月
 107   3            if(DS1302_Time[2]>30){DS1302_Time[2]=1;}
 108   3          }
 109   2          else if(DS1302_Time[1]==2)
 110   2          {
 111   3            if(DS1302_Time[0]%4==0)
 112   3            {
 113   4              if(DS1302_Time[2]<1){DS1302_Time[2]=29;}//闰年2月
 114   4              if(DS1302_Time[2]>29){DS1302_Time[2]=1;}
 115   4            }
 116   3            else
C51 COMPILER V9.60.0.0   MAIN                                                              07/06/2024 21:34:32 PAGE 3   

 117   3            {
 118   4              if(DS1302_Time[2]<1){DS1302_Time[2]=28;}//平年2月
 119   4              if(DS1302_Time[2]>28){DS1302_Time[2]=1;}
 120   4            }
 121   3          }
 122   2          if(DS1302_Time[3]<0){DS1302_Time[3]=23;}//时越界判断
 123   2          if(DS1302_Time[4]<0){DS1302_Time[4]=59;}//分越界判断
 124   2          if(DS1302_Time[5]<0){DS1302_Time[5]=59;}//秒越界判断
 125   2        }
 126   1        //更新显示，根据TimeSetSelect和TimeSetFlashFlag判断可完成闪烁功能
 127   1        if(TimeSetSelect==0 && TimeSetFlashFlag==1){LCD_ShowString(1,1,"  ");}
 128   1        else {LCD_ShowNum(1,1,DS1302_Time[0],2);}
 129   1        if(TimeSetSelect==1 && TimeSetFlashFlag==1){LCD_ShowString(1,4,"  ");}
 130   1        else {LCD_ShowNum(1,4,DS1302_Time[1],2);}
 131   1        if(TimeSetSelect==2 && TimeSetFlashFlag==1){LCD_ShowString(1,7,"  ");}
 132   1        else {LCD_ShowNum(1,7,DS1302_Time[2],2);}
 133   1        if(TimeSetSelect==3 && TimeSetFlashFlag==1){LCD_ShowString(1,9,"  ");}
 134   1        else {LCD_ShowNum(1,9,DS1302_Time[3],2);}
 135   1        if(TimeSetSelect==4 && TimeSetFlashFlag==1){LCD_ShowString(1,12,"  ");}
 136   1        else {LCD_ShowNum(1,12,DS1302_Time[4],2);}
 137   1        if(TimeSetSelect==5 && TimeSetFlashFlag==1){LCD_ShowString(1,15,"  ");}
 138   1        else {LCD_ShowNum(1,15,DS1302_Time[5],2);}
 139   1      }
 140          
 141           
 142          void main ()
 143          { 
 144   1      
 145   1        UART_Init();//初始化蓝牙
 146   1        LCD_Init();
 147   1        DHT11_Init();
 148   1        Timer0Init();
 149   1        DS1302_Init();
 150   1        Delay1ms(1000);
 151   1        LCD_ShowString(1,1,"  -  -  ");//静态字符初始化显示
 152   1        LCD_ShowString(1,9,"  :  :  ");
 153   1        LCD_ShowString(2,1,"Tem:  C");
 154   1        LCD_ShowString(2,9,"Hum:  %");
 155   1        DS1302_SetTime();//设置时间
 156   1        Compare=500;
 157   1          while(1)
 158   1          {
 159   2            //为了不打断dht11读取的时序，需要暂停定时器
 160   2      //      TR0 = 0;
 161   2      //      DHT11_receive();
 162   2      //      TR0 = 1;
 163   2            
 164   2            LCD_ShowNum(2,5,tem,2);   //显示温度整数部分
 165   2            LCD_ShowNum(2,13,hum,2);  //显示湿度
 166   2      
 167   2              KeyNum=Key();//读取键码
 168   2              if(KeyNum==1)//按键1按下
 169   2              {
 170   3                if(MODE==0){MODE=1;TimeSetSelect=0;}//功能切换
 171   3                else if(MODE==1){MODE=0;DS1302_SetTime();}
 172   3              }
 173   2              switch(MODE)//根据不同的功能执行不同的函数
 174   2              {
 175   3                case 0:TimeShow();break;
 176   3                case 1:TimeSet();break;
 177   3              }
 178   2            }
C51 COMPILER V9.60.0.0   MAIN                                                              07/06/2024 21:34:32 PAGE 4   

 179   1      }
 180          
 181          //串口中断函数
 182          void Uart1_Isr() interrupt 4
 183          {
 184   1        if(RI)
 185   1        {
 186   2          USART_RX_BUF[0]=SBUF;
 187   2          RI = 0;//清除接收中断标志位
 188   2          UART_SendByte(SBUF);
 189   2          RI=0;
 190   2        }                
 191   1      }
 192          
 193          void Timer0_Routine() interrupt 1
 194          {
 195   1        static unsigned int T0Count;
 196   1        TL0 = 0xA4;       //设置定时初始值
 197   1        TH0 = 0xFF;
 198   1        T0Count++;
 199   1        if(T0Count < Compare)
 200   1        {
 201   2          Motor = 0;
 202   2        }
 203   1        else
 204   1        {
 205   2          Motor = 1;
 206   2        }
 207   1        if (T0Count >= 1000)
 208   1        {
 209   2          T0Count = 0;
 210   2        }
 211   1      }
 212          
 213          
 214          
 215          
 216            
 217            


MODULE INFORMATION:   STATIC OVERLAYABLE
   CODE SIZE        =   1130    ----
   CONSTANT SIZE    =     37    ----
   XDATA SIZE       =   ----    ----
   PDATA SIZE       =   ----    ----
   DATA SIZE        =      9    ----
   IDATA SIZE       =   ----    ----
   BIT SIZE         =   ----    ----
END OF MODULE INFORMATION.


C51 COMPILATION COMPLETE.  0 WARNING(S),  0 ERROR(S)
